// Jest Snapshot v1, https://goo.gl/fbAQLP

exports[`package should expose a stable interface 1`] = `
Object {
  "__esModule": true,
  "createClient": [Function],
  "default": [Function],
}
`;
